=== BUILD A INVOCATION ===
Sat Sep 19 18:45:26 UTC 2026
Using the latest cached version of the dataset since e9t/nsmc couldn't be found on the Hugging Face Hub
Found the latest cached dataset configuration 'default' at /Volumes/SSD1/huggingface/datasets/e9t___nsmc/default/0.0.0/153263700c285ac0997b3e2a2d80b826aaf672d6 (last modified on Sun Sep 20 01:23:12 2026).
Using the latest cached version of the dataset since e9t/nsmc couldn't be found on the Hugging Face Hub
Found the latest cached dataset configuration 'default' at /Volumes/SSD1/huggingface/datasets/e9t___nsmc/default/0.0.0/153263700c285ac0997b3e2a2d80b826aaf672d6 (last modified on Sun Sep 20 01:23:12 2026).
Using the latest cached version of the dataset since jeanlee/kmhas_korean_hate_speech couldn't be found on the Hugging Face Hub
Found the latest cached dataset configuration 'default' at /Volumes/SSD1/huggingface/datasets/jeanlee___kmhas_korean_hate_speech/default/0.0.0/5df3b7429d68f0ffc89dfbd0159cc72f29fad63c (last modified on Sun Sep 20 01:23:20 2026).
Using the latest cached version of the dataset since searle-j/kote couldn't be found on the Hugging Face Hub
Found the latest cached dataset configuration 'dichotomized' at /Volumes/SSD1/huggingface/datasets/searle-j___kote/dichotomized/0.0.0/66f0eefe4b675a5d5411c7aa08e2c97fc9a9b17f (last modified on Sun Sep 20 01:30:05 2026).
Using the latest cached version of the dataset since searle-j/kote couldn't be found on the Hugging Face Hub
Found the latest cached dataset configuration 'dichotomized' at /Volumes/SSD1/huggingface/datasets/searle-j___kote/dichotomized/0.0.0/66f0eefe4b675a5d5411c7aa08e2c97fc9a9b17f (last modified on Sun Sep 20 01:30:05 2026).
Using the latest cached version of the dataset since lawcompany/KLAID couldn't be found on the Hugging Face Hub
Found the latest cached dataset configuration 'default' at /Volumes/SSD1/huggingface/datasets/lawcompany___klaid/default/0.0.0/4461690da8a3fb20194488f9712b1b2503571426 (last modified on Sun Sep 20 01:29:21 2026).
BUILD_A_EXIT=0
=== BUILD B INVOCATION ===
Sat Sep 19 18:46:18 UTC 2026
Using the latest cached version of the dataset since e9t/nsmc couldn't be found on the Hugging Face Hub
Found the latest cached dataset configuration 'default' at /Volumes/SSD1/huggingface/datasets/e9t___nsmc/default/0.0.0/153263700c285ac0997b3e2a2d80b826aaf672d6 (last modified on Sun Sep 20 01:23:12 2026).
Using the latest cached version of the dataset since e9t/nsmc couldn't be found on the Hugging Face Hub
Found the latest cached dataset configuration 'default' at /Volumes/SSD1/huggingface/datasets/e9t___nsmc/default/0.0.0/153263700c285ac0997b3e2a2d80b826aaf672d6 (last modified on Sun Sep 20 01:23:12 2026).
Using the latest cached version of the dataset since jeanlee/kmhas_korean_hate_speech couldn't be found on the Hugging Face Hub
Found the latest cached dataset configuration 'default' at /Volumes/SSD1/huggingface/datasets/jeanlee___kmhas_korean_hate_speech/default/0.0.0/5df3b7429d68f0ffc89dfbd0159cc72f29fad63c (last modified on Sun Sep 20 01:23:20 2026).
Using the latest cached version of the dataset since searle-j/kote couldn't be found on the Hugging Face Hub
Found the latest cached dataset configuration 'dichotomized' at /Volumes/SSD1/huggingface/datasets/searle-j___kote/dichotomized/0.0.0/66f0eefe4b675a5d5411c7aa08e2c97fc9a9b17f (last modified on Sun Sep 20 01:30:05 2026).
Using the latest cached version of the dataset since searle-j/kote couldn't be found on the Hugging Face Hub
Found the latest cached dataset configuration 'dichotomized' at /Volumes/SSD1/huggingface/datasets/searle-j___kote/dichotomized/0.0.0/66f0eefe4b675a5d5411c7aa08e2c97fc9a9b17f (last modified on Sun Sep 20 01:30:05 2026).
Using the latest cached version of the dataset since lawcompany/KLAID couldn't be found on the Hugging Face Hub
Found the latest cached dataset configuration 'default' at /Volumes/SSD1/huggingface/datasets/lawcompany___klaid/default/0.0.0/4461690da8a3fb20194488f9712b1b2503571426 (last modified on Sun Sep 20 01:29:21 2026).
BUILD_B_EXIT=0
=== POST-BUILD ARTIFACT CHECKS ===
35ab5340591b76730736773058d38a48540e052192421ae4c3b9cf7e862ce7cf  /tmp/kojev-todo3-qa-a/summary.json
35ab5340591b76730736773058d38a48540e052192421ae4c3b9cf7e862ce7cf  /tmp/kojev-todo3-qa-b/summary.json
BYTE_IDENTICAL_summary.json=0
c6dc3e0a2c318427facd23fb08e7e4c12cadda2249c0c97e95e3efdd2180ea6f  /tmp/kojev-todo3-qa-a/train.jsonl
c6dc3e0a2c318427facd23fb08e7e4c12cadda2249c0c97e95e3efdd2180ea6f  /tmp/kojev-todo3-qa-b/train.jsonl
BYTE_IDENTICAL_train.jsonl=0
1d5493cdfa7d1857a07691d6c75388ed587cf944519f2d509811b3b63fbe8fce  /tmp/kojev-todo3-qa-a/val.jsonl
1d5493cdfa7d1857a07691d6c75388ed587cf944519f2d509811b3b63fbe8fce  /tmp/kojev-todo3-qa-b/val.jsonl
BYTE_IDENTICAL_val.jsonl=0
eeed2802ade377bb6453ae98228edec3c59328006b8e74bf0833f1a63ab72202  /tmp/kojev-todo3-qa-a/test.jsonl
eeed2802ade377bb6453ae98228edec3c59328006b8e74bf0833f1a63ab72202  /tmp/kojev-todo3-qa-b/test.jsonl
BYTE_IDENTICAL_test.jsonl=0
=== LINE COUNTS ===
  103999 /tmp/kojev-todo3-qa-a/train.jsonl
    2500 /tmp/kojev-todo3-qa-a/val.jsonl
    1000 /tmp/kojev-todo3-qa-a/test.jsonl
  103999 /tmp/kojev-todo3-qa-b/train.jsonl
    2500 /tmp/kojev-todo3-qa-b/val.jsonl
    1000 /tmp/kojev-todo3-qa-b/test.jsonl
  214998 total
=== BLANK STATE SCAN A ===
/tmp/kojev-todo3-qa-a
test.jsonl: blank_state_count=3 details=[(5, 'e9t/nsmc', "''"), (6, 'e9t/nsmc', "''"), (7, 'e9t/nsmc', "''")]
train.jsonl: blank_state_count=5 details=[(2310, 'e9t/nsmc', "''"), (2311, 'e9t/nsmc', "''"), (2312, 'e9t/nsmc', "''"), (2313, 'e9t/nsmc', "''"), (2314, 'e9t/nsmc', "''")]
val.jsonl: blank_state_count=0 details=[]
total_blank_state_count=8
/tmp/kojev-todo3-qa-b
test.jsonl: blank_state_count=3 details=[(5, 'e9t/nsmc', "''"), (6, 'e9t/nsmc', "''"), (7, 'e9t/nsmc', "''")]
train.jsonl: blank_state_count=5 details=[(2310, 'e9t/nsmc', "''"), (2311, 'e9t/nsmc', "''"), (2312, 'e9t/nsmc', "''"), (2313, 'e9t/nsmc', "''"), (2314, 'e9t/nsmc', "''")]
val.jsonl: blank_state_count=0 details=[]
total_blank_state_count=8
=== SUMMARY COUNTS/EXCLUSIONS ===
source_entries= 18
state_total= 99500
question_total= 314518
kobest_entries= []
korquad_entries= ['KorQuAD/squad_kor_v1:train']
=== VALIDATE A ===
VALIDATE_A_EXIT=0
=== VALIDATE B ===
VALIDATE_B_EXIT=0
=== TARGET TESTS ===
.............                                                            [100%]
13 passed in 0.44s
TARGET_EXIT=0
=== FULL TESTS ===
=== MALFORMED JSON ===
.............                                                            [100%]
13 passed in 0.43s
FULL_EXIT=0
=== RUFF ===
All checks passed!
RUFF_EXIT=0
=== BASEDPYRIGHT ===
0 errors, 0 warnings, 0 notes
BASEDPYRIGHT_EXIT=0
/tmp/kojev-todo3-corrupt-json/train.jsonl:2: invalid JSON
MALFORMED_EXIT=1
=== EMPTY QUESTIONS ===
/tmp/kojev-todo3-corrupt-empty/train.jsonl:2: Value error, examples require at least one question (minimum 1)
EMPTY_QUESTIONS_EXIT=1
=== FINAL CLEANUP/SHA CLASSIFICATION ===
HEAD=6947a0fb5422eee694c1ba49d8095a38d63772a9
origin/feat/data-gold=6947a0fb5422eee694c1ba49d8095a38d63772a9
## feat/data-gold
 M .omo/evidence/task-3-manual-qa.md
?? .omo/evidence/task-3-adversarial-audit.txt
?? .omo/evidence/task-3-adversarial-manual-qa.md
?? .omo/evidence/task-3-blank-state-builds.log
REMOVED=.debug-journal.md
REMOVED=/tmp/kojev-todo3-qa-a
REMOVED=/tmp/kojev-todo3-qa-b
REMOVED=/tmp/kojev-todo3-corrupt-json
REMOVED=/tmp/kojev-todo3-corrupt-empty
PRESERVED_NONEMPTY=.omo/evidence/task-3-adversarial-audit.txt
PRESERVED_NONEMPTY=.omo/evidence/task-3-adversarial-manual-qa.md
PRESERVED_NONEMPTY=.omo/evidence/task-3-blank-state-builds.log
PRESERVED_NONEMPTY=.omo/evidence/task-3-manual-qa.md
